ERC report (2026-09-06T16:55:39, Encoding UTF8)
Report includes: Errors, Warnings

***** Sheet /
[power_pin_not_driven]: Input Power pin not driven by any Output Power pins
    ; error
    @(1400 mils, 5100 mils): Symbol PWR1 Pin 1 [Ingresso potenza, Linea]
[power_pin_not_driven]: Input Power pin not driven by any Output Power pins
    ; error
    @(13000 mils, 5900 mils): Symbol PWR3 Pin 1 [Ingresso potenza, Linea]
[lib_symbol_mismatch]: Il simbolo '+12V' non corrisponde alla copia nella libreria 'power'
    ; warning
    @(1400 mils, 5100 mils): Simbolo PWR1 [+12V]
[lib_symbol_mismatch]: Il simbolo '+5V' non corrisponde alla copia nella libreria 'power'
    ; warning
    @(3500 mils, 5100 mils): Simbolo PWR2 [+5V]
[lib_symbol_mismatch]: Il simbolo '+5V' non corrisponde alla copia nella libreria 'power'
    ; warning
    @(4700 mils, 10000 mils): Simbolo PWR4 [+5V]
[lib_symbol_mismatch]: Il simbolo 'GND' non corrisponde alla copia nella libreria 'power'
    ; warning
    @(5500 mils, 11200 mils): Simbolo PWR5 [GND]
[lib_symbol_mismatch]: Il simbolo '+12V' non corrisponde alla copia nella libreria 'power'
    ; warning
    @(12000 mils, 3300 mils): Simbolo PWR6 [+12V]
[lib_symbol_mismatch]: Il simbolo '+3V3' non corrisponde alla copia nella libreria 'power'
    ; warning
    @(13000 mils, 5900 mils): Simbolo PWR3 [+3V3]

 ** ERC messages: 8  Errors 2  Warnings 6

 ** Ignored checks:
    - Global label only appears once in the schematic
    - Four connection points are joined together
    - SPICE model issue
    - Assigned footprint doesn't match footprint filters
