ERC report (2026-09-09T13:11:51, Encoding UTF8)
Report includes: Errors, Warnings

***** Sheet /
[pin_to_pin]: I pin di tipo Uscita potenza e Uscita potenza sono connessi
    ; error
    @(25.40 mm, 170.18 mm): Symbol #PWR01 Pin 1 [Uscita potenza, Linea]
    @(81.28 mm, 127.00 mm): Symbol #PWR02 Pin 1 [Uscita potenza, Linea]
[pin_not_connected]: Pin not connected
    ; error
    @(45.72 mm, 190.50 mm): Symbol J1 Pin 1 [Pin_1, Passivo, Linea]
[pin_not_connected]: Pin not connected
    ; error
    @(50.80 mm, 228.60 mm): Symbol J6 Pin 1 [Pin_1, Passivo, Linea]
[pin_not_connected]: Pin not connected
    ; error
    @(50.80 mm, 231.14 mm): Symbol J6 Pin 2 [Pin_2, Passivo, Linea]
[pin_not_connected]: Pin not connected
    ; error
    @(50.80 mm, 269.24 mm): Symbol J2 Pin 1 [Pin_1, Passivo, Linea]
[pin_not_connected]: Pin not connected
    ; error
    @(50.80 mm, 271.78 mm): Symbol J2 Pin 2 [Pin_2, Passivo, Linea]
[pin_to_pin]: I pin di tipo Uscita potenza e Uscita potenza sono connessi
    ; error
    @(81.28 mm, 127.00 mm): Symbol #PWR02 Pin 1 [Uscita potenza, Linea]
    @(226.06 mm, 127.00 mm): Symbol #PWR03 Pin 1 [Uscita potenza, Linea]
[pin_not_connected]: Pin not connected
    ; error
    @(99.06 mm, 161.29 mm): Symbol C2 Pin 1 [Passivo, Linea]
[pin_not_connected]: Pin not connected
    ; error
    @(99.06 mm, 168.91 mm): Symbol C2 Pin 2 [Passivo, Linea]
[pin_not_connected]: Pin not connected
    ; error
    @(99.06 mm, 212.09 mm): Symbol C1 Pin 1 [Passivo, Linea]
[pin_not_connected]: Pin not connected
    ; error
    @(99.06 mm, 219.71 mm): Symbol C1 Pin 2 [Passivo, Linea]
[pin_not_connected]: Pin not connected
    ; error
    @(106.68 mm, 269.24 mm): Symbol J3 Pin 1 [Pin_1, Passivo, Linea]
[pin_not_connected]: Pin not connected
    ; error
    @(106.68 mm, 271.78 mm): Symbol J3 Pin 2 [Pin_2, Passivo, Linea]
[pin_not_connected]: Pin not connected
    ; error
    @(149.86 mm, 161.29 mm): Symbol C4 Pin 1 [Passivo, Linea]
[pin_not_connected]: Pin not connected
    ; error
    @(149.86 mm, 168.91 mm): Symbol C4 Pin 2 [Passivo, Linea]
[pin_not_connected]: Pin not connected
    ; error
    @(149.86 mm, 212.09 mm): Symbol C3 Pin 1 [Passivo, Linea]
[pin_not_connected]: Pin not connected
    ; error
    @(149.86 mm, 219.71 mm): Symbol C3 Pin 2 [Passivo, Linea]
[pin_not_connected]: Pin not connected
    ; error
    @(162.56 mm, 269.24 mm): Symbol J4 Pin 1 [Pin_1, Passivo, Linea]
[pin_not_connected]: Pin not connected
    ; error
    @(162.56 mm, 271.78 mm): Symbol J4 Pin 2 [Pin_2, Passivo, Linea]
[pin_not_connected]: Pin not connected
    ; error
    @(167.64 mm, 152.40 mm): Symbol U4 Pin 1 [D1/TX, Bidirezionale, Linea]
[pin_not_connected]: Pin not connected
    ; error
    @(167.64 mm, 154.94 mm): Symbol U4 Pin 2 [D0/RX, Bidirezionale, Linea]
[pin_not_connected]: Pin not connected
    ; error
    @(167.64 mm, 157.48 mm): Symbol U4 Pin 3 [~RESET, Bidirezionale, Linea]
[pin_not_connected]: Pin not connected
    ; error
    @(167.64 mm, 160.02 mm): Symbol U4 Pin 4 [GND, Ingresso potenza, Linea]
[power_pin_not_driven]: Input Power pin not driven by any Output Power pins
    ; error
    @(167.64 mm, 160.02 mm): Symbol U4 Pin 4 [GND, Ingresso potenza, Linea]
[pin_not_connected]: Pin not connected
    ; error
    @(167.64 mm, 162.56 mm): Symbol U4 Pin 5 [D2, Bidirezionale, Linea]
[pin_not_connected]: Pin not connected
    ; error
    @(167.64 mm, 165.10 mm): Symbol U4 Pin 6 [D3~, Bidirezionale, Linea]
[pin_not_connected]: Pin not connected
    ; error
    @(167.64 mm, 167.64 mm): Symbol U4 Pin 7 [D4, Bidirezionale, Linea]
[pin_not_connected]: Pin not connected
    ; error
    @(167.64 mm, 170.18 mm): Symbol U4 Pin 8 [D5~, Bidirezionale, Linea]
[pin_not_connected]: Pin not connected
    ; error
    @(167.64 mm, 172.72 mm): Symbol U4 Pin 9 [D6~, Bidirezionale, Linea]
[pin_not_connected]: Pin not connected
    ; error
    @(167.64 mm, 175.26 mm): Symbol U4 Pin 10 [D7, Bidirezionale, Linea]
[pin_not_connected]: Pin not connected
    ; error
    @(167.64 mm, 177.80 mm): Symbol U4 Pin 11 [D8, Bidirezionale, Linea]
[pin_not_connected]: Pin not connected
    ; error
    @(167.64 mm, 180.34 mm): Symbol U4 Pin 12 [D9~, Bidirezionale, Linea]
[pin_not_connected]: Pin not connected
    ; error
    @(167.64 mm, 182.88 mm): Symbol U4 Pin 13 [D10~, Bidirezionale, Linea]
[pin_not_connected]: Pin not connected
    ; error
    @(167.64 mm, 185.42 mm): Symbol U4 Pin 14 [D11~, Bidirezionale, Linea]
[pin_not_connected]: Pin not connected
    ; error
    @(167.64 mm, 187.96 mm): Symbol U4 Pin 15 [D12, Bidirezionale, Linea]
[pin_not_connected]: Pin not connected
    ; error
    @(172.72 mm, 190.50 mm): Symbol JP1 Pin 1 [A, Passivo, Linea]
[pin_not_connected]: Pin not connected
    ; error
    @(182.88 mm, 190.50 mm): Symbol JP1 Pin 2 [B, Passivo, Linea]
[pin_not_connected]: Pin not connected
    ; error
    @(193.04 mm, 152.40 mm): Symbol U4 Pin 30 [GND, Ingresso potenza, Linea]
[power_pin_not_driven]: Input Power pin not driven by any Output Power pins
    ; error
    @(193.04 mm, 152.40 mm): Symbol U4 Pin 30 [GND, Ingresso potenza, Linea]
[pin_not_connected]: Pin not connected
    ; error
    @(193.04 mm, 154.94 mm): Symbol U4 Pin 29 [D13/SCK, Bidirezionale, Linea]
[pin_not_connected]: Pin not connected
    ; error
    @(193.04 mm, 157.48 mm): Symbol U4 Pin 28 [AREF, Ingresso potenza, Linea]
[power_pin_not_driven]: Input Power pin not driven by any Output Power pins
    ; error
    @(193.04 mm, 157.48 mm): Symbol U4 Pin 28 [AREF, Ingresso potenza, Linea]
[pin_not_connected]: Pin not connected
    ; error
    @(193.04 mm, 160.02 mm): Symbol U4 Pin 27 [A0, Bidirezionale, Linea]
[pin_not_connected]: Pin not connected
    ; error
    @(193.04 mm, 162.56 mm): Symbol U4 Pin 26 [A1, Bidirezionale, Linea]
[pin_not_connected]: Pin not connected
    ; error
    @(193.04 mm, 165.10 mm): Symbol U4 Pin 25 [A2, Bidirezionale, Linea]
[pin_not_connected]: Pin not connected
    ; error
    @(193.04 mm, 167.64 mm): Symbol U4 Pin 24 [A3, Bidirezionale, Linea]
[pin_not_connected]: Pin not connected
    ; error
    @(193.04 mm, 170.18 mm): Symbol U4 Pin 23 [A4/SDA, Bidirezionale, Linea]
[pin_not_connected]: Pin not connected
    ; error
    @(193.04 mm, 172.72 mm): Symbol U4 Pin 22 [A5/SCL, Bidirezionale, Linea]
[pin_not_connected]: Pin not connected
    ; error
    @(193.04 mm, 175.26 mm): Symbol U4 Pin 21 [A6, Bidirezionale, Linea]
[pin_not_connected]: Pin not connected
    ; error
    @(193.04 mm, 177.80 mm): Symbol U4 Pin 20 [A7, Bidirezionale, Linea]
[pin_not_connected]: Pin not connected
    ; error
    @(193.04 mm, 180.34 mm): Symbol U4 Pin 19 [3V3, Uscita potenza, Linea]
[pin_not_connected]: Pin not connected
    ; error
    @(193.04 mm, 182.88 mm): Symbol U4 Pin 18 [~RESET, Bidirezionale, Linea]
[pin_not_connected]: Pin not connected
    ; error
    @(193.04 mm, 185.42 mm): Symbol U4 Pin 17 [5V, Uscita potenza, Linea]
[pin_not_connected]: Pin not connected
    ; error
    @(193.04 mm, 187.96 mm): Symbol U4 Pin 16 [VIN, Ingresso potenza, Linea]
[power_pin_not_driven]: Input Power pin not driven by any Output Power pins
    ; error
    @(193.04 mm, 187.96 mm): Symbol U4 Pin 16 [VIN, Ingresso potenza, Linea]
[pin_not_connected]: Pin not connected
    ; error
    @(203.20 mm, 161.29 mm): Symbol C5 Pin 1 [Passivo, Linea]
[pin_not_connected]: Pin not connected
    ; error
    @(203.20 mm, 168.91 mm): Symbol C5 Pin 2 [Passivo, Linea]
[pin_not_connected]: Pin not connected
    ; error
    @(203.20 mm, 212.09 mm): Symbol C6 Pin 1 [Passivo, Linea]
[pin_not_connected]: Pin not connected
    ; error
    @(203.20 mm, 219.71 mm): Symbol C6 Pin 2 [Passivo, Linea]
[pin_not_connected]: Pin not connected
    ; error
    @(218.44 mm, 269.24 mm): Symbol J5 Pin 1 [Pin_1, Passivo, Linea]
[pin_not_connected]: Pin not connected
    ; error
    @(218.44 mm, 271.78 mm): Symbol J5 Pin 2 [Pin_2, Passivo, Linea]
[pin_not_connected]: Pin not connected
    ; error
    @(246.38 mm, 228.60 mm): Symbol J7 Pin 1 [Pin_1, Passivo, Linea]
[pin_not_connected]: Pin not connected
    ; error
    @(246.38 mm, 231.14 mm): Symbol J7 Pin 2 [Pin_2, Passivo, Linea]
[pin_not_connected]: Pin not connected
    ; error
    @(251.46 mm, 201.93 mm): Symbol R1 Pin 1 [Passivo, Linea]
[pin_not_connected]: Pin not connected
    ; error
    @(251.46 mm, 209.55 mm): Symbol R1 Pin 2 [Passivo, Linea]
[pin_not_connected]: Pin not connected
    ; error
    @(251.46 mm, 232.41 mm): Symbol R2 Pin 1 [Passivo, Linea]
[pin_not_connected]: Pin not connected
    ; error
    @(251.46 mm, 240.03 mm): Symbol R2 Pin 2 [Passivo, Linea]
[pin_not_connected]: Pin not connected
    ; error
    @(302.26 mm, -21.59 mm): Symbol R5 Pin 1 [Passivo, Linea]
[pin_not_connected]: Pin not connected
    ; error
    @(302.26 mm, -13.97 mm): Symbol R5 Pin 2 [Passivo, Linea]
[pin_not_connected]: Pin not connected
    ; error
    @(302.26 mm, 38.10 mm): Symbol R4 Pin 1 [Passivo, Linea]
[pin_not_connected]: Pin not connected
    ; error
    @(302.26 mm, 45.72 mm): Symbol R4 Pin 2 [Passivo, Linea]
[pin_not_connected]: Pin not connected
    ; error
    @(302.26 mm, 97.79 mm): Symbol R3 Pin 1 [Passivo, Linea]
[pin_not_connected]: Pin not connected
    ; error
    @(302.26 mm, 105.41 mm): Symbol R3 Pin 2 [Passivo, Linea]
[pin_not_connected]: Pin not connected
    ; error
    @(302.26 mm, 158.12 mm): Symbol R6 Pin 1 [Passivo, Linea]
[pin_not_connected]: Pin not connected
    ; error
    @(302.26 mm, 165.74 mm): Symbol R6 Pin 2 [Passivo, Linea]
[pin_not_connected]: Pin not connected
    ; error
    @(327.66 mm, -17.78 mm): Symbol Q3 Pin B [B, Ingresso, Linea]
[pin_not_driven]: Input pin not driven by any Output pins
    ; error
    @(327.66 mm, -17.78 mm): Symbol Q3 Pin B [B, Ingresso, Linea]
[pin_not_connected]: Pin not connected
    ; error
    @(327.66 mm, 41.91 mm): Symbol Q2 Pin B [B, Ingresso, Linea]
[pin_not_driven]: Input pin not driven by any Output pins
    ; error
    @(327.66 mm, 41.91 mm): Symbol Q2 Pin B [B, Ingresso, Linea]
[pin_not_connected]: Pin not connected
    ; error
    @(327.66 mm, 101.60 mm): Symbol Q1 Pin B [B, Ingresso, Linea]
[pin_not_driven]: Input pin not driven by any Output pins
    ; error
    @(327.66 mm, 101.60 mm): Symbol Q1 Pin B [B, Ingresso, Linea]
[pin_not_connected]: Pin not connected
    ; error
    @(327.66 mm, 161.93 mm): Symbol Q4 Pin B [B, Ingresso, Linea]
[pin_not_driven]: Input pin not driven by any Output pins
    ; error
    @(327.66 mm, 161.93 mm): Symbol Q4 Pin B [B, Ingresso, Linea]
[pin_not_connected]: Pin not connected
    ; error
    @(330.20 mm, 147.32 mm): Symbol U3 Pin 1 [GND, Ingresso potenza, Linea]
[power_pin_not_driven]: Input Power pin not driven by any Output Power pins
    ; error
    @(330.20 mm, 147.32 mm): Symbol U3 Pin 1 [GND, Ingresso potenza, Linea]
[pin_not_connected]: Pin not connected
    ; error
    @(330.20 mm, 149.86 mm): Symbol U3 Pin 2 [3V3, Ingresso potenza, Linea]
[power_pin_not_driven]: Input Power pin not driven by any Output Power pins
    ; error
    @(330.20 mm, 149.86 mm): Symbol U3 Pin 2 [3V3, Ingresso potenza, Linea]
[pin_not_connected]: Pin not connected
    ; error
    @(330.20 mm, 152.40 mm): Symbol U3 Pin 3 [EN, Ingresso, Linea]
[pin_not_driven]: Input pin not driven by any Output pins
    ; error
    @(330.20 mm, 152.40 mm): Symbol U3 Pin 3 [EN, Ingresso, Linea]
[pin_not_connected]: Pin not connected
    ; error
    @(330.20 mm, 154.94 mm): Symbol U3 Pin 4 [SENSOR_VP/GPIO36, Ingresso, Linea]
[pin_not_driven]: Input pin not driven by any Output pins
    ; error
    @(330.20 mm, 154.94 mm): Symbol U3 Pin 4 [SENSOR_VP/GPIO36, Ingresso, Linea]
[pin_not_connected]: Pin not connected
    ; error
    @(330.20 mm, 157.48 mm): Symbol U3 Pin 5 [SENSOR_VN/GPIO39, Ingresso, Linea]
[pin_not_driven]: Input pin not driven by any Output pins
    ; error
    @(330.20 mm, 157.48 mm): Symbol U3 Pin 5 [SENSOR_VN/GPIO39, Ingresso, Linea]
[pin_not_connected]: Pin not connected
    ; error
    @(330.20 mm, 160.02 mm): Symbol U3 Pin 6 [GPIO34, Bidirezionale, Linea]
[pin_not_connected]: Pin not connected
    ; error
    @(330.20 mm, 162.56 mm): Symbol U3 Pin 7 [GPIO35, Bidirezionale, Linea]
[pin_not_connected]: Pin not connected
    ; error
    @(330.20 mm, 165.10 mm): Symbol U3 Pin 8 [GPIO32, Bidirezionale, Linea]
[pin_not_connected]: Pin not connected
    ; error
    @(330.20 mm, 167.64 mm): Symbol U3 Pin 9 [GPIO33, Bidirezionale, Linea]
[pin_not_connected]: Pin not connected
    ; error
    @(330.20 mm, 170.18 mm): Symbol U3 Pin 10 [GPIO25, Bidirezionale, Linea]
[pin_not_connected]: Pin not connected
    ; error
    @(330.20 mm, 172.72 mm): Symbol U3 Pin 11 [GPIO26, Bidirezionale, Linea]
[pin_not_connected]: Pin not connected
    ; error
    @(330.20 mm, 175.26 mm): Symbol U3 Pin 12 [GPIO27, Bidirezionale, Linea]
[pin_not_connected]: Pin not connected
    ; error
    @(330.20 mm, 177.80 mm): Symbol U3 Pin 13 [GPIO14/ADC2_6, Bidirezionale, Linea]
[pin_not_connected]: Pin not connected
    ; error
    @(330.20 mm, 180.34 mm): Symbol U3 Pin 14 [GPIO12, Bidirezionale, Linea]
[pin_not_connected]: Pin not connected
    ; error
    @(330.20 mm, 182.88 mm): Symbol U3 Pin 15 [GND, Ingresso potenza, Linea]
[power_pin_not_driven]: Input Power pin not driven by any Output Power pins
    ; error
    @(330.20 mm, 182.88 mm): Symbol U3 Pin 15 [GND, Ingresso potenza, Linea]
[pin_not_connected]: Pin not connected
    ; error
    @(330.20 mm, 185.42 mm): Symbol U3 Pin 16 [GPIO13, Bidirezionale, Linea]
[pin_not_connected]: Pin not connected
    ; error
    @(335.28 mm, -22.86 mm): Symbol Q3 Pin C [C, Passivo, Linea]
[pin_not_connected]: Pin not connected
    ; error
    @(335.28 mm, -12.70 mm): Symbol Q3 Pin E [E, Passivo, Linea]
[pin_not_connected]: Pin not connected
    ; error
    @(335.28 mm, 36.83 mm): Symbol Q2 Pin C [C, Passivo, Linea]
[pin_not_connected]: Pin not connected
    ; error
    @(335.28 mm, 46.99 mm): Symbol Q2 Pin E [E, Passivo, Linea]
[pin_not_connected]: Pin not connected
    ; error
    @(335.28 mm, 96.52 mm): Symbol Q1 Pin C [C, Passivo, Linea]
[pin_not_connected]: Pin not connected
    ; error
    @(335.28 mm, 106.68 mm): Symbol Q1 Pin E [E, Passivo, Linea]
[pin_not_connected]: Pin not connected
    ; error
    @(335.28 mm, 156.85 mm): Symbol Q4 Pin C [C, Passivo, Linea]
[pin_not_connected]: Pin not connected
    ; error
    @(335.28 mm, 167.01 mm): Symbol Q4 Pin E [E, Passivo, Linea]
[pin_not_connected]: Pin not connected
    ; error
    @(335.28 mm, 198.12 mm): Symbol U3 Pin 17 [SD2/GPIO9, Bidirezionale, Linea]
[pin_not_connected]: Pin not connected
    ; error
    @(337.82 mm, 198.12 mm): Symbol U3 Pin 18 [SD3/GPIO10, Bidirezionale, Linea]
[pin_not_connected]: Pin not connected
    ; error
    @(340.36 mm, 198.12 mm): Symbol U3 Pin 19 [CMD/GPIO11, Bidirezionale, Linea]
[pin_not_connected]: Pin not connected
    ; error
    @(342.90 mm, 198.12 mm): Symbol U3 Pin 20 [CLK/GPIO6, Bidirezionale, Linea]
[pin_not_connected]: Pin not connected
    ; error
    @(345.44 mm, 198.12 mm): Symbol U3 Pin 21 [SDO/GPIO7, Bidirezionale, Linea]
[pin_not_connected]: Pin not connected
    ; error
    @(347.98 mm, 198.12 mm): Symbol U3 Pin 22 [SDI/GPIO8, Bidirezionale, Linea]
[pin_not_connected]: Pin not connected
    ; error
    @(350.52 mm, 198.12 mm): Symbol U3 Pin 23 [GPIO15, Bidirezionale, Linea]
[pin_not_connected]: Pin not connected
    ; error
    @(353.06 mm, 198.12 mm): Symbol U3 Pin 24 [GPIO2, Bidirezionale, Linea]
[pin_not_connected]: Pin not connected
    ; error
    @(359.41 mm, 20.32 mm): Symbol D3 Pin 1 [K, Passivo, Linea]
[pin_not_connected]: Pin not connected
    ; error
    @(359.41 mm, 80.01 mm): Symbol D2 Pin 1 [K, Passivo, Linea]
[pin_not_connected]: Pin not connected
    ; error
    @(359.41 mm, 139.70 mm): Symbol D1 Pin 1 [K, Passivo, Linea]
[pin_not_connected]: Pin not connected
    ; error
    @(359.41 mm, 200.03 mm): Symbol D4 Pin 1 [K, Passivo, Linea]
[pin_not_connected]: Pin not connected
    ; error
    @(367.03 mm, 20.32 mm): Symbol D3 Pin 2 [A, Passivo, Linea]
[pin_not_connected]: Pin not connected
    ; error
    @(367.03 mm, 80.01 mm): Symbol D2 Pin 2 [A, Passivo, Linea]
[pin_not_connected]: Pin not connected
    ; error
    @(367.03 mm, 139.70 mm): Symbol D1 Pin 2 [A, Passivo, Linea]
[pin_not_connected]: Pin not connected
    ; error
    @(367.03 mm, 200.03 mm): Symbol D4 Pin 2 [A, Passivo, Linea]
[pin_not_connected]: Pin not connected
    ; error
    @(370.84 mm, 154.94 mm): Symbol U3 Pin 40 [5V, Ingresso potenza, Linea]
[power_pin_not_driven]: Input Power pin not driven by any Output Power pins
    ; error
    @(370.84 mm, 154.94 mm): Symbol U3 Pin 40 [5V, Ingresso potenza, Linea]
[pin_not_connected]: Pin not connected
    ; error
    @(370.84 mm, 157.48 mm): Symbol U3 Pin 39 [EP, Passivo, Linea]
[pin_not_connected]: Pin not connected
    ; error
    @(370.84 mm, 160.02 mm): Symbol U3 Pin 38 [GND, Ingresso potenza, Linea]
[power_pin_not_driven]: Input Power pin not driven by any Output Power pins
    ; error
    @(370.84 mm, 160.02 mm): Symbol U3 Pin 38 [GND, Ingresso potenza, Linea]
[pin_not_connected]: Pin not connected
    ; error
    @(370.84 mm, 162.56 mm): Symbol U3 Pin 37 [GPIO23, Bidirezionale, Linea]
[pin_not_connected]: Pin not connected
    ; error
    @(370.84 mm, 165.10 mm): Symbol U3 Pin 36 [GPIO22/SCL, Bidirezionale, Linea]
[pin_not_connected]: Pin not connected
    ; error
    @(370.84 mm, 167.64 mm): Symbol U3 Pin 35 [U0TXD/GPIO1, Bidirezionale, Linea]
[pin_not_connected]: Pin not connected
    ; error
    @(370.84 mm, 170.18 mm): Symbol U3 Pin 34 [U0RXD/GPIO3, Bidirezionale, Linea]
[pin_not_connected]: Pin not connected
    ; error
    @(370.84 mm, 172.72 mm): Symbol U3 Pin 33 [GPIO21/SDA, Bidirezionale, Linea]
[pin_not_connected]: Pin not connected
    ; error
    @(370.84 mm, 175.26 mm): Symbol U3 Pin 32 [NC, Passivo, Linea]
[pin_not_connected]: Pin not connected
    ; error
    @(370.84 mm, 177.80 mm): Symbol U3 Pin 31 [GPIO19, Bidirezionale, Linea]
[pin_not_connected]: Pin not connected
    ; error
    @(370.84 mm, 180.34 mm): Symbol U3 Pin 30 [GPIO18, Bidirezionale, Linea]
[pin_not_connected]: Pin not connected
    ; error
    @(370.84 mm, 182.88 mm): Symbol U3 Pin 29 [GPIO5, Bidirezionale, Linea]
[pin_not_connected]: Pin not connected
    ; error
    @(370.84 mm, 185.42 mm): Symbol U3 Pin 28 [GPIO17, Bidirezionale, Linea]
[pin_not_connected]: Pin not connected
    ; error
    @(370.84 mm, 187.96 mm): Symbol U3 Pin 27 [GPIO16, Bidirezionale, Linea]
[pin_not_connected]: Pin not connected
    ; error
    @(370.84 mm, 190.50 mm): Symbol U3 Pin 26 [GPIO4, Bidirezionale, Linea]
[pin_not_connected]: Pin not connected
    ; error
    @(370.84 mm, 193.04 mm): Symbol U3 Pin 25 [GPIO0, Bidirezionale, Linea]
[pin_not_connected]: Pin not connected
    ; error
    @(388.62 mm, -25.40 mm): Symbol K3 Pin A1 [Passivo, Linea]
[pin_not_connected]: Pin not connected
    ; error
    @(388.62 mm, -10.16 mm): Symbol K3 Pin A2 [Passivo, Linea]
[pin_not_connected]: Pin not connected
    ; error
    @(388.62 mm, 34.29 mm): Symbol K2 Pin A1 [Passivo, Linea]
[pin_not_connected]: Pin not connected
    ; error
    @(388.62 mm, 49.53 mm): Symbol K2 Pin A2 [Passivo, Linea]
[pin_not_connected]: Pin not connected
    ; error
    @(388.62 mm, 93.98 mm): Symbol K1 Pin A1 [Passivo, Linea]
[pin_not_connected]: Pin not connected
    ; error
    @(388.62 mm, 109.22 mm): Symbol K1 Pin A2 [Passivo, Linea]
[pin_not_connected]: Pin not connected
    ; error
    @(388.62 mm, 154.31 mm): Symbol K4 Pin A1 [Passivo, Linea]
[pin_not_connected]: Pin not connected
    ; error
    @(388.62 mm, 169.55 mm): Symbol K4 Pin A2 [Passivo, Linea]
[pin_not_connected]: Pin not connected
    ; error
    @(396.24 mm, -25.40 mm): Symbol K3 Pin 12 [Passivo, Linea]
[pin_not_connected]: Pin not connected
    ; error
    @(396.24 mm, 34.29 mm): Symbol K2 Pin 12 [Passivo, Linea]
[pin_not_connected]: Pin not connected
    ; error
    @(396.24 mm, 93.98 mm): Symbol K1 Pin 12 [Passivo, Linea]
[pin_not_connected]: Pin not connected
    ; error
    @(396.24 mm, 154.31 mm): Symbol K4 Pin 12 [Passivo, Linea]
[pin_not_connected]: Pin not connected
    ; error
    @(401.32 mm, -25.40 mm): Symbol K3 Pin 14 [Passivo, Linea]
[pin_not_connected]: Pin not connected
    ; error
    @(401.32 mm, 34.29 mm): Symbol K2 Pin 14 [Passivo, Linea]
[pin_not_connected]: Pin not connected
    ; error
    @(401.32 mm, 93.98 mm): Symbol K1 Pin 14 [Passivo, Linea]
[pin_not_connected]: Pin not connected
    ; error
    @(401.32 mm, 154.31 mm): Symbol K4 Pin 14 [Passivo, Linea]
[pin_not_connected]: Pin not connected
    ; error
    @(447.04 mm, 238.76 mm): Symbol J12 Pin 1 [Pin_1, Passivo, Linea]
[pin_not_connected]: Pin not connected
    ; error
    @(447.04 mm, 241.30 mm): Symbol J12 Pin 2 [Pin_2, Passivo, Linea]
[pin_not_connected]: Pin not connected
    ; error
    @(447.04 mm, 243.84 mm): Symbol J12 Pin 3 [Pin_3, Passivo, Linea]
[pin_not_connected]: Pin not connected
    ; error
    @(449.58 mm, -17.78 mm): Symbol J10 Pin 1 [Pin_1, Passivo, Linea]
[pin_not_connected]: Pin not connected
    ; error
    @(449.58 mm, 41.91 mm): Symbol J9 Pin 1 [Pin_1, Passivo, Linea]
[pin_not_connected]: Pin not connected
    ; error
    @(449.58 mm, 101.60 mm): Symbol J8 Pin 1 [Pin_1, Passivo, Linea]
[pin_not_connected]: Pin not connected
    ; error
    @(449.58 mm, 161.93 mm): Symbol J11 Pin 1 [Pin_1, Passivo, Linea]
[lib_symbol_issues]: Libreria di simboli 'Connector' non trovata in '/Applications/KiCad/kicad.app/Contents/SharedSupport/symbols//Connector_PinHeader_2.54mm.kicad_sym'
    ; warning
    @(40.64 mm, 190.50 mm): Simbolo J1 [Conn_01x02_Pin]
[multiple_net_names]: Sia +12V che GND sono collegati agli stessi elementi; nella netlist verrà usata +12V
    ; warning
    @(391.16 mm, 60.96 mm): Symbol #PWR07 Pin 1 [Ingresso potenza, Linea]
    @(45.72 mm, 195.58 mm): Etichetta "GND"
[lib_symbol_issues]: Libreria di simboli 'Connector' non trovata in '/Applications/KiCad/kicad.app/Contents/SharedSupport/symbols//Connector_PinHeader_2.54mm.kicad_sym'
    ; warning
    @(45.72 mm, 231.14 mm): Simbolo J6 [Conn_01x04_Pin]
[lib_symbol_issues]: Libreria di simboli 'Connector' non trovata in '/Applications/KiCad/kicad.app/Contents/SharedSupport/symbols//Connector_PinHeader_2.54mm.kicad_sym'
    ; warning
    @(45.72 mm, 271.78 mm): Simbolo J2 [Conn_01x03_Pin]
[label_multiple_wires]: L'etichetta collega più di un filo a 508000, 2336800
    ; warning
    @(50.80 mm, 233.68 mm): Etichetta "+5V_RAW"
    @(45.72 mm, 231.14 mm): Filo, lung. 7.184 mm
[label_multiple_wires]: L'etichetta collega più di un filo a 508000, 2743200
    ; warning
    @(50.80 mm, 274.32 mm): Etichetta "+5V_RAW"
    @(45.72 mm, 271.78 mm): Filo, lung. 7.184 mm
[lib_symbol_mismatch]: Il simbolo 'LM2596T-5' non corrisponde alla copia nella libreria 'Regulator_Switching'
    ; warning
    @(99.06 mm, 190.50 mm): Simbolo U1 [LM2596T-5]
[lib_symbol_issues]: Libreria di simboli 'Connector' non trovata in '/Applications/KiCad/kicad.app/Contents/SharedSupport/symbols//Connector_PinHeader_2.54mm.kicad_sym'
    ; warning
    @(101.60 mm, 271.78 mm): Simbolo J3 [Conn_01x03_Pin]
[label_multiple_wires]: L'etichetta collega più di un filo a 1041400, 1930400
    ; warning
    @(104.14 mm, 193.04 mm): Etichetta "+12V"
    @(99.06 mm, 190.50 mm): Filo, lung. 13.678 mm
[label_multiple_wires]: L'etichetta collega più di un filo a 1041400, 1955800
    ; warning
    @(104.14 mm, 195.58 mm): Etichetta "GND"
    @(99.06 mm, 190.50 mm): Filo, lung. 13.678 mm
[label_multiple_wires]: L'etichetta collega più di un filo a 1066800, 2743200
    ; warning
    @(106.68 mm, 274.32 mm): Etichetta "+5V_RAW"
    @(101.60 mm, 271.78 mm): Filo, lung. 7.184 mm
[lib_symbol_issues]: Libreria di simboli 'Connector' non trovata in '/Applications/KiCad/kicad.app/Contents/SharedSupport/symbols//Connector_PinHeader_2.54mm.kicad_sym'
    ; warning
    @(157.48 mm, 271.78 mm): Simbolo J4 [Conn_01x03_Pin]
[label_multiple_wires]: L'etichetta collega più di un filo a 1625600, 2743200
    ; warning
    @(162.56 mm, 274.32 mm): Etichetta "+5V_RAW"
    @(157.48 mm, 271.78 mm): Filo, lung. 9.158 mm
[footprint_link_issues]: La configurazione corrente non include la libreria impronte 'Module'
    ; warning
    @(180.34 mm, 170.18 mm): Simbolo U4 [Arduino_Nano]
[label_multiple_wires]: L'etichetta collega più di un filo a 1828800, 1930400
    ; warning
    @(182.88 mm, 193.04 mm): Etichetta "+5V_RAW"
    @(180.34 mm, 170.18 mm): Filo, lung. 68.768 mm
[label_multiple_wires]: L'etichetta collega più di un filo a 1828800, 1955800
    ; warning
    @(182.88 mm, 195.58 mm): Etichetta "ESP_5V"
    @(180.34 mm, 170.18 mm): Filo, lung. 68.768 mm
[label_multiple_wires]: L'etichetta collega più di un filo a 1854200, 1727200
    ; warning
    @(185.42 mm, 172.72 mm): Etichetta "NANO_TX"
    @(180.34 mm, 170.18 mm): Filo, lung. 68.768 mm
[label_multiple_wires]: L'etichetta collega più di un filo a 1854200, 1752600
    ; warning
    @(185.42 mm, 175.26 mm): Etichetta "NANO_RX"
    @(180.34 mm, 170.18 mm): Filo, lung. 68.768 mm
[label_multiple_wires]: L'etichetta collega più di un filo a 1854200, 1803400
    ; warning
    @(185.42 mm, 180.34 mm): Etichetta "GND"
    @(180.34 mm, 170.18 mm): Filo, lung. 68.768 mm
[label_multiple_wires]: L'etichetta collega più di un filo a 1854200, 1828800
    ; warning
    @(185.42 mm, 182.88 mm): Etichetta "DHT_DATA"
    @(180.34 mm, 170.18 mm): Filo, lung. 68.768 mm
[label_multiple_wires]: L'etichetta collega più di un filo a 1854200, 1854200
    ; warning
    @(185.42 mm, 185.42 mm): Etichetta "VALVE1"
    @(180.34 mm, 170.18 mm): Filo, lung. 68.768 mm
[label_multiple_wires]: L'etichetta collega più di un filo a 1854200, 1879600
    ; warning
    @(185.42 mm, 187.96 mm): Etichetta "VALVE2"
    @(180.34 mm, 170.18 mm): Filo, lung. 68.768 mm
[label_multiple_wires]: L'etichetta collega più di un filo a 1854200, 1905000
    ; warning
    @(185.42 mm, 190.50 mm): Etichetta "VALVE3"
    @(180.34 mm, 170.18 mm): Filo, lung. 68.768 mm
[label_multiple_wires]: L'etichetta collega più di un filo a 1854200, 1955800
    ; warning
    @(185.42 mm, 195.58 mm): Etichetta "+5V_RAW"
    @(180.34 mm, 170.18 mm): Filo, lung. 68.768 mm
[label_multiple_wires]: L'etichetta collega più di un filo a 1854200, 2311400
    ; warning
    @(185.42 mm, 231.14 mm): Etichetta "SOIL_3"
    @(180.34 mm, 170.18 mm): Filo, lung. 68.768 mm
[label_multiple_wires]: L'etichetta collega più di un filo a 1854200, 2336800
    ; warning
    @(185.42 mm, 233.68 mm): Etichetta "SOIL_2"
    @(180.34 mm, 170.18 mm): Filo, lung. 68.768 mm
[lib_symbol_mismatch]: Il simbolo 'AMS1117-3.3' non corrisponde alla copia nella libreria 'Regulator_Linear'
    ; warning
    @(203.20 mm, 190.50 mm): Simbolo U2 [AMS1117-3.3]
[label_multiple_wires]: L'etichetta collega più di un filo a 2082800, 1930400
    ; warning
    @(208.28 mm, 193.04 mm): Etichetta "GND"
    @(203.20 mm, 190.50 mm): Filo, lung. 7.184 mm
[lib_symbol_issues]: Libreria di simboli 'Connector' non trovata in '/Applications/KiCad/kicad.app/Contents/SharedSupport/symbols//Connector_PinHeader_2.54mm.kicad_sym'
    ; warning
    @(213.36 mm, 271.78 mm): Simbolo J5 [Conn_01x03_Pin]
[label_multiple_wires]: L'etichetta collega più di un filo a 2184400, 2743200
    ; warning
    @(218.44 mm, 274.32 mm): Etichetta "+5V_RAW"
    @(213.36 mm, 271.78 mm): Filo, lung. 7.184 mm
[lib_symbol_issues]: Libreria di simboli 'Connector' non trovata in '/Applications/KiCad/kicad.app/Contents/SharedSupport/symbols//Connector_PinHeader_2.54mm.kicad_sym'
    ; warning
    @(241.30 mm, 231.14 mm): Simbolo J7 [Conn_01x03_Pin]
[label_multiple_wires]: L'etichetta collega più di un filo a 2463800, 2336800
    ; warning
    @(246.38 mm, 233.68 mm): Etichetta "+5V_RAW"
    @(241.30 mm, 231.14 mm): Filo, lung. 7.184 mm
[endpoint_off_grid]: Symbol pin or wire end off connection grid
    ; warning
    @(302.26 mm, 158.12 mm): Symbol R6 Pin 1 [Passivo, Linea]
[endpoint_off_grid]: Symbol pin or wire end off connection grid
    ; warning
    @(302.26 mm, 161.93 mm): Filo, lung. 5.68 mm
[endpoint_off_grid]: Symbol pin or wire end off connection grid
    ; warning
    @(302.26 mm, 161.93 mm): Filo, lung. 7.184 mm
[endpoint_off_grid]: Symbol pin or wire end off connection grid
    ; warning
    @(327.66 mm, 161.93 mm): Symbol Q4 Pin B [B, Ingresso, Linea]
[lib_symbol_issues]: Simbolo 'Q_NPN_CBE' non trovato nella libreria di simboli 'Device'
    ; warning
    @(332.74 mm, -17.78 mm): Simbolo Q3 [Q_NPN_CBE]
[lib_symbol_issues]: Simbolo 'Q_NPN_CBE' non trovato nella libreria di simboli 'Device'
    ; warning
    @(332.74 mm, 41.91 mm): Simbolo Q2 [Q_NPN_CBE]
[lib_symbol_issues]: Simbolo 'Q_NPN_CBE' non trovato nella libreria di simboli 'Device'
    ; warning
    @(332.74 mm, 101.60 mm): Simbolo Q1 [Q_NPN_CBE]
[endpoint_off_grid]: Symbol pin or wire end off connection grid
    ; warning
    @(332.74 mm, 161.93 mm): Filo, lung. 9.158 mm
[endpoint_off_grid]: Symbol pin or wire end off connection grid
    ; warning
    @(332.74 mm, 161.93 mm): Filo, lung. 5.68 mm
[endpoint_off_grid]: Symbol pin or wire end off connection grid
    ; warning
    @(332.74 mm, 161.93 mm): Filo, lung. 7.184 mm
[lib_symbol_issues]: Simbolo 'Q_NPN_CBE' non trovato nella libreria di simboli 'Device'
    ; warning
    @(332.74 mm, 161.93 mm): Simbolo Q4 [Q_NPN_CBE]
[label_multiple_wires]: L'etichetta collega più di un filo a 3378200, -152400
    ; warning
    @(337.82 mm, -15.24 mm): Etichetta "Q3_B"
    @(332.74 mm, -17.78 mm): Filo, lung. 9.158 mm
[label_multiple_wires]: L'etichetta collega più di un filo a 3378200, 444500
    ; warning
    @(337.82 mm, 44.45 mm): Etichetta "Q2_B"
    @(332.74 mm, 41.91 mm): Filo, lung. 7.184 mm
[label_multiple_wires]: L'etichetta collega più di un filo a 3378200, 1041400
    ; warning
    @(337.82 mm, 104.14 mm): Etichetta "Q1_B"
    @(332.74 mm, 101.60 mm): Filo, lung. 7.184 mm
[label_multiple_wires]: L'etichetta collega più di un filo a 3378200, 1644700
    ; warning
    @(337.82 mm, 164.47 mm): Etichetta "QP_B"
    @(332.74 mm, 161.93 mm): Filo, lung. 7.184 mm
[footprint_link_issues]: La configurazione corrente non include la libreria impronte 'smartsprinkler'
    ; warning
    @(350.52 mm, 170.18 mm): Simbolo U3 [ESP32-CAM]
[lib_symbol_issues]: Simbolo 'ESP32-CAM' non trovato nella libreria di simboli 'smartsprinkler'
    ; warning
    @(350.52 mm, 170.18 mm): Simbolo U3 [ESP32-CAM]
[label_multiple_wires]: L'etichetta collega più di un filo a 3556000, 1727200
    ; warning
    @(355.60 mm, 172.72 mm): Etichetta "GND"
    @(350.52 mm, 170.18 mm): Filo, lung. 9.158 mm
[label_multiple_wires]: L'etichetta collega più di un filo a 3556000, 1752600
    ; warning
    @(355.60 mm, 175.26 mm): Etichetta "+3V3"
    @(350.52 mm, 170.18 mm): Filo, lung. 9.158 mm
[label_multiple_wires]: L'etichetta collega più di un filo a 3556000, 1778000
    ; warning
    @(355.60 mm, 177.80 mm): Etichetta "EN"
    @(350.52 mm, 170.18 mm): Filo, lung. 101.727 mm
[label_multiple_wires]: L'etichetta collega più di un filo a 3556000, 2032000
    ; warning
    @(355.60 mm, 203.20 mm): Etichetta "NANO_TX_3V3"
    @(350.52 mm, 170.18 mm): Filo, lung. 101.727 mm
[label_multiple_wires]: L'etichetta collega più di un filo a 3556000, 2057400
    ; warning
    @(355.60 mm, 205.74 mm): Etichetta "PUMP_CTRL"
    @(350.52 mm, 170.18 mm): Filo, lung. 101.727 mm
[label_multiple_wires]: L'etichetta collega più di un filo a 3556000, 2565400
    ; warning
    @(355.60 mm, 256.54 mm): Etichetta "PROG_RXD"
    @(350.52 mm, 170.18 mm): Filo, lung. 101.727 mm
[endpoint_off_grid]: Symbol pin or wire end off connection grid
    ; warning
    @(359.41 mm, 200.03 mm): Symbol D4 Pin 1 [K, Passivo, Linea]
[endpoint_off_grid]: Symbol pin or wire end off connection grid
    ; warning
    @(363.22 mm, 200.03 mm): Filo, lung. 7.184 mm
[endpoint_off_grid]: Symbol pin or wire end off connection grid
    ; warning
    @(363.22 mm, 200.03 mm): Filo, lung. 5.68 mm
[footprint_link_issues]: Impronta 'Relay_SPDT_Hongfa_HF32F-G_5V' non trovata nella libreria 'Relay_THT'
    ; warning
    @(393.70 mm, -17.78 mm): Simbolo K3 [Relay_SPDT]
[footprint_link_issues]: Impronta 'Relay_SPDT_Hongfa_HF32F-G_5V' non trovata nella libreria 'Relay_THT'
    ; warning
    @(393.70 mm, 41.91 mm): Simbolo K2 [Relay_SPDT]
[footprint_link_issues]: Impronta 'Relay_SPDT_Hongfa_HF32F-G_5V' non trovata nella libreria 'Relay_THT'
    ; warning
    @(393.70 mm, 101.60 mm): Simbolo K1 [Relay_SPDT]
[endpoint_off_grid]: Symbol pin or wire end off connection grid
    ; warning
    @(393.70 mm, 161.93 mm): Filo, lung. 5.68 mm
[endpoint_off_grid]: Symbol pin or wire end off connection grid
    ; warning
    @(393.70 mm, 161.93 mm): Filo, lung. 9.158 mm
[endpoint_off_grid]: Symbol pin or wire end off connection grid
    ; warning
    @(393.70 mm, 161.93 mm): Filo, lung. 11.359 mm
[endpoint_off_grid]: Symbol pin or wire end off connection grid
    ; warning
    @(393.70 mm, 161.93 mm): Filo, lung. 7.184 mm
[footprint_link_issues]: Impronta 'Relay_SPDT_Hongfa_HF32F-G_5V' non trovata nella libreria 'Relay_THT'
    ; warning
    @(393.70 mm, 161.93 mm): Simbolo K4 [Relay_SPDT]
[label_multiple_wires]: L'etichetta collega più di un filo a 3987800, -152400
    ; warning
    @(398.78 mm, -15.24 mm): Etichetta "Q3_C"
    @(393.70 mm, -17.78 mm): Filo, lung. 7.184 mm
[label_multiple_wires]: L'etichetta collega più di un filo a 3987800, -127000
    ; warning
    @(398.78 mm, -12.70 mm): Etichetta "+12V"
    @(393.70 mm, -17.78 mm): Filo, lung. 9.158 mm
[label_multiple_wires]: L'etichetta collega più di un filo a 3987800, 444500
    ; warning
    @(398.78 mm, 44.45 mm): Etichetta "Q2_C"
    @(393.70 mm, 41.91 mm): Filo, lung. 11.359 mm
[label_multiple_wires]: L'etichetta collega più di un filo a 3987800, 469900
    ; warning
    @(398.78 mm, 46.99 mm): Etichetta "+12V"
    @(393.70 mm, 41.91 mm): Filo, lung. 11.359 mm
[label_multiple_wires]: L'etichetta collega più di un filo a 3987800, 1041400
    ; warning
    @(398.78 mm, 104.14 mm): Etichetta "Q1_C"
    @(393.70 mm, 101.60 mm): Filo, lung. 7.184 mm
[label_multiple_wires]: L'etichetta collega più di un filo a 3987800, 1066800
    ; warning
    @(398.78 mm, 106.68 mm): Etichetta "+12V"
    @(393.70 mm, 101.60 mm): Filo, lung. 9.158 mm
[label_multiple_wires]: L'etichetta collega più di un filo a 3987800, 1644700
    ; warning
    @(398.78 mm, 164.47 mm): Etichetta "QP_C"
    @(393.70 mm, 161.93 mm): Filo, lung. 11.359 mm
[label_multiple_wires]: L'etichetta collega più di un filo a 3987800, 1670100
    ; warning
    @(398.78 mm, 167.01 mm): Etichetta "+12V"
    @(393.70 mm, 161.93 mm): Filo, lung. 11.359 mm
[endpoint_off_grid]: Symbol pin or wire end off connection grid
    ; warning
    @(398.78 mm, 169.55 mm): Symbol K4 Pin 11 [Passivo, Linea]
[lib_symbol_issues]: Libreria di simboli 'Connector' non trovata in '/Applications/KiCad/kicad.app/Contents/SharedSupport/symbols//Connector_PinHeader_2.54mm.kicad_sym'
    ; warning
    @(441.96 mm, 243.84 mm): Simbolo J12 [Conn_01x06_Pin]
[lib_symbol_issues]: Libreria di simboli 'Connector' non trovata in '/Applications/KiCad/kicad.app/Contents/SharedSupport/symbols//Connector_PinHeader_2.54mm.kicad_sym'
    ; warning
    @(444.50 mm, -17.78 mm): Simbolo J10 [Conn_01x02_Pin]
[lib_symbol_issues]: Libreria di simboli 'Connector' non trovata in '/Applications/KiCad/kicad.app/Contents/SharedSupport/symbols//Connector_PinHeader_2.54mm.kicad_sym'
    ; warning
    @(444.50 mm, 41.91 mm): Simbolo J9 [Conn_01x02_Pin]
[lib_symbol_issues]: Libreria di simboli 'Connector' non trovata in '/Applications/KiCad/kicad.app/Contents/SharedSupport/symbols//Connector_PinHeader_2.54mm.kicad_sym'
    ; warning
    @(444.50 mm, 101.60 mm): Simbolo J8 [Conn_01x02_Pin]
[endpoint_off_grid]: Symbol pin or wire end off connection grid
    ; warning
    @(444.50 mm, 161.93 mm): Filo, lung. 7.184 mm
[endpoint_off_grid]: Symbol pin or wire end off connection grid
    ; warning
    @(444.50 mm, 161.93 mm): Filo, lung. 5.68 mm
[lib_symbol_issues]: Libreria di simboli 'Connector' non trovata in '/Applications/KiCad/kicad.app/Contents/SharedSupport/symbols//Connector_PinHeader_2.54mm.kicad_sym'
    ; warning
    @(444.50 mm, 161.93 mm): Simbolo J11 [Conn_01x02_Pin]
[label_multiple_wires]: L'etichetta collega più di un filo a 4470400, 2463800
    ; warning
    @(447.04 mm, 246.38 mm): Etichetta "+3V3"
    @(441.96 mm, 243.84 mm): Filo, lung. 16.064 mm
[label_multiple_wires]: L'etichetta collega più di un filo a 4470400, 2489200
    ; warning
    @(447.04 mm, 248.92 mm): Etichetta "GND"
    @(441.96 mm, 243.84 mm): Filo, lung. 16.064 mm
[label_multiple_wires]: L'etichetta collega più di un filo a 4470400, 2514600
    ; warning
    @(447.04 mm, 251.46 mm): Etichetta "PROG_TXD"
    @(441.96 mm, 243.84 mm): Filo, lung. 16.064 mm
[label_multiple_wires]: L'etichetta collega più di un filo a 4470400, 2540000
    ; warning
    @(447.04 mm, 254.00 mm): Etichetta "PROG_RXD"
    @(441.96 mm, 243.84 mm): Filo, lung. 16.064 mm
[endpoint_off_grid]: Symbol pin or wire end off connection grid
    ; warning
    @(449.58 mm, 161.93 mm): Symbol J11 Pin 1 [Pin_1, Passivo, Linea]

 ** ERC messages: 257  Errors 170  Warnings 87

 ** Ignored checks:
    - Global label only appears once in the schematic
    - Four connection points are joined together
    - SPICE model issue
    - Assigned footprint doesn't match footprint filters
