ERC report (2026-09-06T17:36:49, Encoding UTF8)
Report includes: Errors, Warnings

***** Sheet /
[power_pin_not_driven]: Input Power pin not driven by any Output Power pins
    ; error
    @(3100 mils, 7400 mils): Symbol U1 Pin 1 [IN+, Ingresso potenza, Linea]
[power_pin_not_driven]: Input Power pin not driven by any Output Power pins
    ; error
    @(11500 mils, 6500 mils): Symbol U2 Pin 9 [3V3, Ingresso potenza, Linea]
[pin_to_pin]: I pin di tipo Imprecisato e Passivo sono connessi
    ; warning
    @(1400 mils, 5100 mils): Pin 1 [???, ?]
    @(1400 mils, 7450 mils): Symbol J1 Pin 1 [1, Passivo, Linea]
[unconnected_wire_endpoint]: Capo filo non connesso
    ; warning
    @(1400 mils, 5100 mils): Filo verticale, lung. 100 mils
[pin_to_pin]: I pin di tipo Imprecisato e Passivo sono connessi
    ; warning
    @(3500 mils, 5100 mils): Pin 1 [???, ?]
    @(4150 mils, 6300 mils): Symbol C2 Pin 1 [1, Passivo, Linea]
[unconnected_wire_endpoint]: Capo filo non connesso
    ; warning
    @(3500 mils, 5100 mils): Filo verticale, lung. 100 mils
[pin_to_pin]: I pin di tipo Imprecisato e Passivo sono connessi
    ; warning
    @(4700 mils, 10000 mils): Pin 1 [???, ?]
    @(3700 mils, 10500 mils): Symbol X2 Pin 1 [1, Passivo, Linea]
[unconnected_wire_endpoint]: Capo filo non connesso
    ; warning
    @(4700 mils, 10000 mils): Filo verticale, lung. 100 mils
[pin_to_pin]: I pin di tipo Imprecisato e Passivo sono connessi
    ; warning
    @(5500 mils, 11200 mils): Pin 1 [???, ?]
    @(5900 mils, 10700 mils): Symbol X3 Pin 3 [3, Passivo, Linea]
[unconnected_wire_endpoint]: Capo filo non connesso
    ; warning
    @(5500 mils, 11200 mils): Filo verticale, lung. 100 mils
[pin_to_pin]: I pin di tipo Imprecisato e Passivo sono connessi
    ; warning
    @(12000 mils, 3300 mils): Pin 1 [???, ?]
    @(11600 mils, 4450 mils): Symbol K1 Pin 2 [A2, Passivo, Linea]
[unconnected_wire_endpoint]: Capo filo non connesso
    ; warning
    @(12000 mils, 3300 mils): Filo verticale, lung. 100 mils
[pin_to_pin]: I pin di tipo Imprecisato e Ingresso potenza sono connessi
    ; warning
    @(13000 mils, 5900 mils): Pin 1 [???, ?]
    @(11500 mils, 6500 mils): Symbol U2 Pin 9 [3V3, Ingresso potenza, Linea]
[unconnected_wire_endpoint]: Capo filo non connesso
    ; warning
    @(13000 mils, 5900 mils): Filo verticale, lung. 100 mils

 ** ERC messages: 14  Errors 2  Warnings 12

 ** Ignored checks:
    - Global label only appears once in the schematic
    - Four connection points are joined together
    - SPICE model issue
    - Assigned footprint doesn't match footprint filters
